Step 31 

Not only can hostnames like localhost or centos be used, but other hostnames like cserver or cserver.example.com can be used for connectivity if they are added to the /etc/hosts file. Execute the following command to append an entry to the /etc/hosts file: 

echo '192.168.1.3 cserver cserver.example.com' >> /etc/hosts 
------------------------------------------------------------------------------------------------------------------------------------------

[asmil@fedora /]$ echo '192.168.1.3 qorgan qorgan.com' >> /etc/hosts
bash: /etc/hosts: Permission denied

[asmil@fedora /]$ sudo echo '192.168.1.3 qorgan qorgan.com' >> /etc/hosts
bash: /etc/hosts: Permission denied

[asmil@fedora /]$ sudo echo '192.168.1.3 qorgan qorgan.com' >> sudo /etc/hosts
bash: sudo: Permission denied

[asmil@fedora /]$ echo '192.168.1.3 qorgan qorgan.com' >> /etc/hosts
bash: /etc/hosts: Permission denied

[asmil@fedora /]$ echo '192.168.1.3 qorgan qorgan.com' >> sudo /etc/hosts
bash: sudo: Permission denied

[asmil@fedora /]$ sudo bash -c "echo '192.168.1.3 qorgan qorgan.com' >> sudo /etc/hosts"
